Perf Counters Report
Git commit: ce2a5c0e0650939fb6337dffaf7ade6043744757

Statistics:
cycle and instruction counts:
  total cycle count: 79360
  total instruction count: 250
  IPC: 0.0032
  CPI: 317.4400
handshake counts:
+-----------------+-----------------+-------------+
|   Description   | Handshake Count |  Frequency  |
+-----------------+-----------------+-------------+
|  IFU fetch inst |             250 |   0.0031502 |
|   EXU load data |              57 | 0.000718246 |
|        EXU calc |             250 |   0.0031502 |
| IDU decode inst |             250 |   0.0031502 |
+-----------------+-----------------+-------------+
instruction type counts:
By type:
+------------+------------+--------+-------------+-----------+---------+
|  Category  | Inst Count | Inst % | Cycle Count |  Cycle %  | Avg CPI |
+------------+------------+--------+-------------+-----------+---------+
|     branch |         61 |   24.4 |         183 |  0.980235 |       3 |
| arithmetic |         80 |     32 |         240 |   1.28555 |       3 |
|       load |         58 |   23.2 |       18093 |   96.9147 | 311.948 |
|      store |         36 |   14.4 |         108 |  0.578499 |       3 |
|       jalr |          1 |    0.4 |           3 | 0.0160694 |       3 |
|        jal |          3 |    1.2 |           9 | 0.0482083 |       3 |
|        lui |          5 |      2 |          15 | 0.0803471 |       3 |
|      auipc |          6 |    2.4 |          18 | 0.0964165 |       3 |
|     system |          0 |      0 |           0 |         0 |     nan |
+------------+------------+--------+-------------+-----------+---------+
By format:
+----------+------------+--------+-------------+-----------+---------+
| Category | Inst Count | Inst % | Cycle Count |  Cycle %  | Avg CPI |
+----------+------------+--------+-------------+-----------+---------+
|   I_TYPE |        136 |   54.4 |       18327 |   98.1681 | 134.757 |
|   R_TYPE |          3 |    1.2 |           9 | 0.0482083 |       3 |
|   S_TYPE |         36 |   14.4 |         108 |  0.578499 |       3 |
|   U_TYPE |         11 |    4.4 |          33 |  0.176764 |       3 |
|   J_TYPE |          3 |    1.2 |           9 | 0.0482083 |       3 |
|   B_TYPE |         61 |   24.4 |         183 |  0.980235 |       3 |
+----------+------------+--------+-------------+-----------+---------+
AXI4 Performance Counters Statistics:
+---------------+--------------+--------+---------+---------+------------+
|      Name     | Transactions |  Total |   Avg   |   Max   |  Max Start |
|               |              | Cycles | Latency | Latency | (sim time) |
+---------------+--------------+--------+---------+---------+------------+
|  exu_mem_read |           58 |  17972 | 309.862 |     612 |      55040 |
|  ifu_mem_read |          250 |  59161 | 236.644 |    2691 |      14904 |
| exu_mem_write |           35 |    509 | 14.5429 |     139 |      14854 |
+---------------+--------------+--------+---------+---------+------------+
IFU State Counter Statistics:
total instruction fetch count: 250
state statistics:
+------------+-------+----------+---------------+---------------+
|    State   | Count |  Percent |     Count     |    Percent    |
|            |       |          | [exclu fetch] | [exclu fetch] |
+------------+-------+----------+---------------+---------------+
|       IDLE |   260 | 0.327621 |           260 |      0.327621 |
|  WAIT_INST | 59651 |  75.1651 |         59401 |       74.8501 |
| WAIT_LATER | 19419 |  24.4695 |         19419 |       24.4695 |
+------------+-------+----------+---------------+---------------+
Cache Performance Counter Statistics:
hit rate: 226 / 250 = 90.4 %
average hit access cycles: 1
average miss access cycles: 614.625
AMAT : 60.004
