Perf Counters Report
Git commit: 9940fb30a4be622be047d106ffa6afdae9588bed

Statistics:
cycle and instruction counts:
  total cycle count: 1414164
  total instruction count: 13996
  IPC: 0.0099
  CPI: 101.0406
handshake counts:
+-----------------+-----------------+------------+
|   Description   | Handshake Count |  Frequency |
+-----------------+-----------------+------------+
|  IFU fetch inst |           13996 | 0.00989701 |
|   EXU load data |            3135 | 0.00221686 |
|        EXU calc |           13995 | 0.00989631 |
| IDU decode inst |           13995 | 0.00989631 |
+-----------------+-----------------+------------+
instruction type counts:
By type:
+------------+------------+------------+-------------+-------------+---------+
|  Category  | Inst Count |   Inst %   | Cycle Count |   Cycle %   | Avg CPI |
+------------+------------+------------+-------------+-------------+---------+
|     branch |       3170 |    22.6509 |        9510 |    0.765867 |       3 |
| arithmetic |       5260 |    37.5849 |       15780 |     1.27081 |       3 |
|       load |       3135 |    22.4009 |     1171059 |     94.3087 | 373.544 |
|      store |       2212 |    15.8056 |       44727 |     3.60199 | 20.2202 |
|       jalr |         41 |   0.292962 |         123 |  0.00990554 |       3 |
|        jal |         35 |   0.250089 |         105 |  0.00845594 |       3 |
|        lui |         85 |    0.60736 |         255 |   0.0205359 |       3 |
|      auipc |         56 |   0.400143 |         168 |   0.0135295 |       3 |
|     system |          0 |          0 |           0 |           0 |     nan |
|    fence.i |          1 | 0.00714541 |           3 | 0.000241598 |       3 |
+------------+------------+------------+-------------+-------------+---------+
By format:
+----------+------------+----------+-------------+------------+---------+
| Category | Inst Count |  Inst %  | Cycle Count |   Cycle %  | Avg CPI |
+----------+------------+----------+-------------+------------+---------+
|   I_TYPE |       8402 |  60.0357 |     1186860 |    95.5812 | 141.259 |
|   R_TYPE |         35 | 0.250089 |         105 | 0.00845594 |       3 |
|   S_TYPE |       2212 |  15.8056 |       44727 |    3.60199 | 20.2202 |
|   U_TYPE |        141 |   1.0075 |         423 |  0.0340654 |       3 |
|   J_TYPE |         35 | 0.250089 |         105 | 0.00845594 |       3 |
|   B_TYPE |       3170 |  22.6509 |        9510 |   0.765867 |       3 |
+----------+------------+----------+-------------+------------+---------+
AXI4 Performance Counters Statistics:
+---------------+--------------+---------+---------+---------+------------+
|      Name     | Transactions |  Total  |   Avg   |   Max   |  Max Start |
|               |              |  Cycles | Latency | Latency | (sim time) |
+---------------+--------------+---------+---------+---------+------------+
|  exu_mem_read |         3135 | 1164789 | 371.544 |     610 |      49736 |
|  ifu_mem_read |        13996 |   88430 | 6.31823 |    2454 |         62 |
| exu_mem_write |         2212 |   40303 | 18.2202 |      72 |     941840 |
+---------------+--------------+---------+---------+---------+------------+
IFU State Counter Statistics:
total instruction fetch count: 13996
state statistics:
+------------+---------+----------+---------------+---------------+
|    State   |  Count  |  Percent |     Count     |    Percent    |
|            |         |          | [exclu fetch] | [exclu fetch] |
+------------+---------+----------+---------------+---------------+
|       IDLE |   14005 | 0.990338 |         14005 |      0.990338 |
|  WAIT_INST |  116412 |  8.23186 |        102416 |       7.24216 |
| WAIT_LATER | 1283717 |  90.7757 |       1283717 |       90.7757 |
+------------+---------+----------+---------------+---------------+
Cache Performance Counter Statistics:
hit rate: 13776 / 13996 = 98.4281 %
average hit access cycles: 1
average miss access cycles: 88.2682
AMAT : 2.38747
