Perf Counters Report
Git commit: 9940fb30a4be622be047d106ffa6afdae9588bed

Statistics:
cycle and instruction counts:
  total cycle count: 1504572
  total instruction count: 15516
  IPC: 0.0103
  CPI: 96.9691
handshake counts:
+-----------------+-----------------+------------+
|   Description   | Handshake Count |  Frequency |
+-----------------+-----------------+------------+
|  IFU fetch inst |           15516 |  0.0103126 |
|   EXU load data |            3454 | 0.00229567 |
|        EXU calc |           15515 |  0.0103119 |
| IDU decode inst |           15515 |  0.0103119 |
+-----------------+-----------------+------------+
instruction type counts:
By type:
+------------+------------+----------+-------------+-----------+---------+
|  Category  | Inst Count |  Inst %  | Cycle Count |  Cycle %  | Avg CPI |
+------------+------------+----------+-------------+-----------+---------+
|     branch |       3413 |  21.9981 |       10239 |  0.784053 |       3 |
| arithmetic |       5889 |  37.9568 |       17667 |   1.35285 |       3 |
|       load |       3454 |  22.2623 |     1228732 |   94.0903 | 355.742 |
|      store |       2334 |  15.0435 |       47994 |   3.67515 |  20.563 |
|       jalr |        114 | 0.734773 |         342 | 0.0261887 |       3 |
|        jal |        107 | 0.689655 |         321 | 0.0245806 |       3 |
|        lui |         83 | 0.534966 |         249 | 0.0190672 |       3 |
|      auipc |        121 |  0.77989 |         363 | 0.0277968 |       3 |
|     system |          0 |        0 |           0 |         0 |     nan |
|    fence.i |          0 |        0 |           0 |         0 |     nan |
+------------+------------+----------+-------------+-----------+---------+
By format:
+----------+------------+----------+-------------+-----------+---------+
| Category | Inst Count |  Inst %  | Cycle Count |  Cycle %  | Avg CPI |
+----------+------------+----------+-------------+-----------+---------+
|   I_TYPE |       9294 |  59.9033 |     1246252 |   95.4319 | 134.092 |
|   R_TYPE |        163 |   1.0506 |         489 | 0.0374452 |       3 |
|   S_TYPE |       2334 |  15.0435 |       47994 |   3.67515 |  20.563 |
|   U_TYPE |        204 |  1.31486 |         612 |  0.046864 |       3 |
|   J_TYPE |        107 | 0.689655 |         321 | 0.0245806 |       3 |
|   B_TYPE |       3413 |  21.9981 |       10239 |  0.784053 |       3 |
+----------+------------+----------+-------------+-----------+---------+
AXI4 Performance Counters Statistics:
+---------------+--------------+---------+---------+---------+------------+
|      Name     | Transactions |  Total  |   Avg   |   Max   |  Max Start |
|               |              |  Cycles | Latency | Latency | (sim time) |
+---------------+--------------+---------+---------+---------+------------+
|  exu_mem_read |         3454 | 1221824 | 353.742 |     610 |      49736 |
|  ifu_mem_read |        15516 |  105541 | 6.80208 |    2454 |         62 |
| exu_mem_write |         2334 |   43326 |  18.563 |      72 |    1335464 |
+---------------+--------------+---------+---------+---------+------------+
IFU State Counter Statistics:
total instruction fetch count: 15516
state statistics:
+------------+---------+---------+---------------+---------------+
|    State   |  Count  | Percent |     Count     |    Percent    |
|            |         |         | [exclu fetch] | [exclu fetch] |
+------------+---------+---------+---------------+---------------+
|       IDLE |   15525 | 1.03185 |         15525 |       1.03185 |
|  WAIT_INST |  136563 | 9.07653 |        121047 |       8.04528 |
| WAIT_LATER | 1352454 | 89.8896 |       1352454 |       89.8896 |
+------------+---------+---------+---------------+---------------+
Cache Performance Counter Statistics:
hit rate: 15060 / 15516 = 97.0611 %
average hit access cycles: 1
average miss access cycles: 56.7807
AMAT : 2.66873
