Perf Counters Report
Git commit: 796ce8dec6cfe7e8c80974b53e84583e1e5df896

Statistics:
cycle and instruction counts:
  total cycle count: 2598242
  total instruction count: 13768
  IPC: 0.0053
  CPI: 188.7160
handshake counts:
+-----------------+-----------------+------------+
|   Description   | Handshake Count |  Frequency |
+-----------------+-----------------+------------+
|  IFU fetch inst |           13768 | 0.00529897 |
|   EXU load data |            3086 | 0.00118773 |
|        EXU calc |           13767 | 0.00529858 |
| IDU decode inst |           13767 | 0.00529858 |
+-----------------+-----------------+------------+
instruction type counts:
By type:
+------------+------------+------------+-------------+-------------+---------+
|  Category  | Inst Count |   Inst %   | Cycle Count |   Cycle %   | Avg CPI |
+------------+------------+------------+-------------+-------------+---------+
|     branch |       3005 |    21.8276 |        9015 |    0.401989 |       3 |
| arithmetic |       5201 |    37.7787 |       15603 |    0.695756 |       3 |
|       load |       3086 |    22.4159 |     2066132 |     92.1312 | 669.518 |
|      store |       2161 |     15.697 |      150906 |     6.72907 | 69.8316 |
|       jalr |         84 |   0.610155 |         252 |    0.011237 |       3 |
|        jal |         82 |   0.595627 |         246 |   0.0109694 |       3 |
|        lui |         35 |   0.254231 |         105 |  0.00468207 |       3 |
|      auipc |        112 |    0.81354 |         336 |   0.0149826 |       3 |
|     system |          0 |          0 |           0 |           0 |     nan |
|    fence.i |          1 | 0.00726375 |           3 | 0.000133773 |       3 |
+------------+------------+------------+-------------+-------------+---------+
By format:
+----------+------------+----------+-------------+-----------+---------+
| Category | Inst Count |  Inst %  | Cycle Count |  Cycle %  | Avg CPI |
+----------+------------+----------+-------------+-----------+---------+
|   I_TYPE |       8235 |   59.817 |     2081579 |     92.82 | 252.772 |
|   R_TYPE |        137 | 0.995133 |         411 |  0.018327 |       3 |
|   S_TYPE |       2161 |   15.697 |      150906 |   6.72907 | 69.8316 |
|   U_TYPE |        147 |  1.06777 |         441 | 0.0196647 |       3 |
|   J_TYPE |         82 | 0.595627 |         246 | 0.0109694 |       3 |
|   B_TYPE |       3005 |  21.8276 |        9015 |  0.401989 |       3 |
+----------+------------+----------+-------------+-----------+---------+
AXI4 Performance Counters Statistics:
+---------------+--------------+---------+---------+---------+------------+
|      Name     | Transactions |  Total  |   Avg   |   Max   |  Max Start |
|               |              |  Cycles | Latency | Latency | (sim time) |
+---------------+--------------+---------+---------+---------+------------+
|  exu_mem_read |         3086 | 2059960 | 667.518 |    1066 |      87214 |
|  ifu_mem_read |        13768 |  273008 | 19.8292 |    4278 |         62 |
| exu_mem_write |         2161 |  146584 | 67.8316 |     241 |      25798 |
+---------------+--------------+---------+---------+---------+------------+
IFU State Counter Statistics:
total instruction fetch count: 13768
state statistics:
+------------+---------+----------+---------------+---------------+
|    State   |  Count  |  Percent |     Count     |    Percent    |
|            |         |          | [exclu fetch] | [exclu fetch] |
+------------+---------+----------+---------------+---------------+
|       IDLE |   13777 | 0.530243 |         13777 |      0.530243 |
|  WAIT_INST |  300534 |  11.5668 |        286766 |       11.0369 |
| WAIT_LATER | 2283901 |  87.9018 |       2283901 |       87.9018 |
+------------+---------+----------+---------------+---------------+
Cache Performance Counter Statistics:
hit rate: 13448 / 13768 = 97.6758 %
average hit access cycles: 1
average miss access cycles: 209.969
AMAT : 5.88016
