Perf Counters Report
Git commit: 275bf2e060b5fd9e01a0f0df95a04fbd6f6643ee

Statistics:
cycle and instruction counts:
  total cycle count: 1542446
  total instruction count: 14197
  IPC: 0.0092
  CPI: 108.6459
handshake counts:
+-----------------+-----------------+------------+
|   Description   | Handshake Count |  Frequency |
+-----------------+-----------------+------------+
|  IFU fetch inst |           14197 | 0.00920421 |
|   EXU load data |            3203 | 0.00207657 |
|        EXU calc |           14196 | 0.00920356 |
| IDU decode inst |           14196 | 0.00920356 |
+-----------------+-----------------+------------+
instruction type counts:
By type:
+------------+------------+----------+-------------+------------+---------+
|  Category  | Inst Count |  Inst %  | Cycle Count |   Cycle %  | Avg CPI |
+------------+------------+----------+-------------+------------+---------+
|     branch |       3232 |   22.767 |        9696 |   0.735735 |       3 |
| arithmetic |       5317 |  37.4542 |       15951 |    1.21037 |       3 |
|       load |       3203 |  22.5627 |     1178348 |    89.4134 | 367.889 |
|      store |       2234 |  15.7368 |      113240 |    8.59269 | 50.6893 |
|       jalr |         39 | 0.274725 |         117 |   0.008878 |       3 |
|        jal |         32 | 0.225416 |          96 | 0.00728451 |       3 |
|        lui |         83 | 0.584672 |         249 |  0.0188942 |       3 |
|      auipc |         56 | 0.394477 |         168 |  0.0127479 |       3 |
|     system |          0 |        0 |           0 |          0 |     nan |
|    fence.i |          0 |        0 |           0 |          0 |     nan |
+------------+------------+----------+-------------+------------+---------+
By format:
+----------+------------+----------+-------------+------------+---------+
| Category | Inst Count |  Inst %  | Cycle Count |   Cycle %  | Avg CPI |
+----------+------------+----------+-------------+------------+---------+
|   I_TYPE |       8524 |  60.0451 |     1194311 |    90.6247 | 140.112 |
|   R_TYPE |         35 | 0.246548 |         105 | 0.00796743 |       3 |
|   S_TYPE |       2234 |  15.7368 |      113240 |    8.59269 | 50.6893 |
|   U_TYPE |        139 | 0.979149 |         417 |  0.0316421 |       3 |
|   J_TYPE |         32 | 0.225416 |          96 | 0.00728451 |       3 |
|   B_TYPE |       3232 |   22.767 |        9696 |   0.735735 |       3 |
+----------+------------+----------+-------------+------------+---------+
AXI4 Performance Counters Statistics:
+---------------+--------------+---------+---------+---------+------------+
|      Name     | Transactions |  Total  |   Avg   |   Max   |  Max Start |
|               |              |  Cycles | Latency | Latency | (sim time) |
+---------------+--------------+---------+---------+---------+------------+
|  exu_mem_read |         3203 | 1171942 | 365.889 |     610 |      47840 |
|  ifu_mem_read |        14197 |  139371 | 9.81693 |    1232 |         62 |
| exu_mem_write |         2234 |  108772 | 48.6893 |     139 |       9966 |
+---------------+--------------+---------+---------+---------+------------+
IFU State Counter Statistics:
total instruction fetch count: 14197
state statistics:
+------------+---------+----------+---------------+---------------+
|    State   |  Count  |  Percent |     Count     |    Percent    |
|            |         |          | [exclu fetch] | [exclu fetch] |
+------------+---------+----------+---------------+---------------+
|       IDLE |   14206 | 0.921005 |         14206 |      0.921005 |
|  WAIT_INST |  167755 |  10.8759 |        153558 |       9.95549 |
| WAIT_LATER | 1360455 |  88.2011 |       1360455 |       88.2011 |
+------------+---------+----------+---------------+---------------+
Cache Performance Counter Statistics:
hit rate: 13954 / 14197 = 98.2884 %
average hit access cycles: 1
average miss access cycles: 257.449
AMAT : 5.40656
