Perf Counters Report
Git commit: 275bf2e060b5fd9e01a0f0df95a04fbd6f6643ee

Statistics:
cycle and instruction counts:
  total cycle count: 768975
  total instruction count: 4662
  IPC: 0.0061
  CPI: 164.9453
handshake counts:
+-----------------+-----------------+------------+
|   Description   | Handshake Count |  Frequency |
+-----------------+-----------------+------------+
|  IFU fetch inst |            4662 | 0.00606262 |
|   EXU load data |             959 | 0.00124711 |
|        EXU calc |            4662 | 0.00606262 |
| IDU decode inst |            4662 | 0.00606262 |
+-----------------+-----------------+------------+
instruction type counts:
By type:
+------------+------------+-----------+-------------+------------+---------+
|  Category  | Inst Count |   Inst %  | Cycle Count |   Cycle %  | Avg CPI |
+------------+------------+-----------+-------------+------------+---------+
|     branch |        965 |   20.6993 |        2895 |    0.45755 |       3 |
| arithmetic |       1813 |   38.8889 |        5439 |   0.859625 |       3 |
|       load |        959 |   20.5706 |      543034 |    85.8256 |  566.25 |
|      store |        894 |   19.1763 |       81257 |    12.8425 | 90.8915 |
|       jalr |          4 | 0.0858001 |          12 | 0.00189658 |       3 |
|        jal |          4 | 0.0858001 |          12 | 0.00189658 |       3 |
|        lui |          9 |   0.19305 |          27 |  0.0042673 |       3 |
|      auipc |         14 |    0.3003 |          42 | 0.00663803 |       3 |
|     system |          0 |         0 |           0 |          0 |     nan |
|    fence.i |          0 |         0 |           0 |          0 |     nan |
+------------+------------+-----------+-------------+------------+---------+
By format:
+----------+------------+-----------+-------------+------------+---------+
| Category | Inst Count |   Inst %  | Cycle Count |   Cycle %  | Avg CPI |
+----------+------------+-----------+-------------+------------+---------+
|   I_TYPE |       2769 |   59.3951 |      548464 |    86.6838 | 198.073 |
|   R_TYPE |          7 |   0.15015 |          21 | 0.00331901 |       3 |
|   S_TYPE |        894 |   19.1763 |       81257 |    12.8425 | 90.8915 |
|   U_TYPE |         23 |   0.49335 |          69 |  0.0109053 |       3 |
|   J_TYPE |          4 | 0.0858001 |          12 | 0.00189658 |       3 |
|   B_TYPE |        965 |   20.6993 |        2895 |    0.45755 |       3 |
+----------+------------+-----------+-------------+------------+---------+
AXI4 Performance Counters Statistics:
+---------------+--------------+--------+---------+---------+------------+
|      Name     | Transactions |  Total |   Avg   |   Max   |  Max Start |
|               |              | Cycles | Latency | Latency | (sim time) |
+---------------+--------------+--------+---------+---------+------------+
|  exu_mem_read |          959 | 541116 |  564.25 |     610 |      79612 |
|  ifu_mem_read |         4662 | 108255 | 23.2207 |    9786 |         62 |
| exu_mem_write |          894 |  79469 | 88.8915 |     139 |      39294 |
+---------------+--------------+--------+---------+---------+------------+
IFU State Counter Statistics:
total instruction fetch count: 4662
state statistics:
+------------+--------+----------+---------------+---------------+
|    State   |  Count |  Percent |     Count     |    Percent    |
|            |        |          | [exclu fetch] | [exclu fetch] |
+------------+--------+----------+---------------+---------------+
|       IDLE |   4672 | 0.607562 |          4672 |      0.607562 |
|  WAIT_INST | 117569 |  15.2891 |        112907 |       14.6828 |
| WAIT_LATER | 646704 |  84.0995 |        646704 |       84.0995 |
+------------+--------+----------+---------------+---------------+
Cache Performance Counter Statistics:
hit rate: 4648 / 4662 = 99.6997 %
average hit access cycles: 1
average miss access cycles: 461.429
AMAT : 2.38567
